// Jest Snapshot v1, https://goo.gl/fbAQLP

exports[`synthetic-statement basic ast: ast 1`] = `
Object {
  "innerComments": Array [],
  "leadingComments": Array [],
  "loc": Object {
    "end": Object {
      "column": 13,
      "line": 1,
      "offset": 12,
    },
    "start": Object {
      "column": 1,
      "line": 1,
      "offset": 0,
    },
  },
  "response": Object {
    "innerComments": Array [],
    "leadingComments": Array [],
    "loc": Object {
      "end": Object {
        "column": 12,
        "line": 1,
        "offset": 11,
      },
      "start": Object {
        "column": 11,
        "line": 1,
        "offset": 10,
      },
    },
    "trailingComments": Array [],
    "type": "StringLiteral",
    "value": "\\"\\"",
  },
  "trailingComments": Array [],
  "type": "SyntheticStatement",
}
`;

exports[`synthetic-statement basic format: format 1`] = `synthetic "";`;

exports[`synthetic-statement basic token 1`] = `
Array [
  synthetic,
  "",
  ;,
]
`;
