// Jest Snapshot v1, https://goo.gl/fbAQLP

exports[`hydrate should: ast 1`] = `
Program {
  "body": Array [
    IncludeStatement {
      "loc": Object {
        "end": Object {
          "column": 25,
          "line": 1,
          "offset": 24,
        },
        "start": Object {
          "column": 1,
          "line": 1,
          "offset": 0,
        },
      },
      "module": StringLiteral {
        "loc": Object {
          "end": Object {
            "column": 24,
            "line": 1,
            "offset": 23,
          },
          "start": Object {
            "column": 9,
            "line": 1,
            "offset": 8,
          },
        },
        "type": "StringLiteral",
        "value": "\\"vacel_module_a\\"",
      },
      "type": "IncludeStatement",
    },
    IncludeStatement {
      "loc": Object {
        "end": Object {
          "column": 25,
          "line": 2,
          "offset": 50,
        },
        "start": Object {
          "column": 1,
          "line": 2,
          "offset": 26,
        },
      },
      "module": StringLiteral {
        "loc": Object {
          "end": Object {
            "column": 24,
            "line": 2,
            "offset": 49,
          },
          "start": Object {
            "column": 9,
            "line": 2,
            "offset": 34,
          },
        },
        "type": "StringLiteral",
        "value": "\\"vecel_module_b\\"",
      },
      "type": "IncludeStatement",
    },
    BackendStatement {
      "body": Array [
        Object {
          "key": "ssh",
          "value": BooleanLiteral {
            "loc": Object {
              "end": Object {
                "column": 13,
                "line": 5,
                "offset": 88,
              },
              "start": Object {
                "column": 10,
                "line": 5,
                "offset": 85,
              },
            },
            "type": "BooleanLiteral",
            "value": "true",
          },
        },
        Object {
          "key": "host",
          "value": StringLiteral {
            "loc": Object {
              "end": Object {
                "column": 23,
                "line": 6,
                "offset": 113,
              },
              "start": Object {
                "column": 11,
                "line": 6,
                "offset": 101,
              },
            },
            "type": "StringLiteral",
            "value": "\\"example.com\\"",
          },
        },
      ],
      "id": Identifier {
        "loc": Object {
          "end": Object {
            "column": 20,
            "line": 4,
            "offset": 72,
          },
          "start": Object {
            "column": 9,
            "line": 4,
            "offset": 61,
          },
        },
        "name": "vacel_origin",
        "type": "Identifier",
      },
      "loc": Object {
        "end": Object {
          "column": 1,
          "line": 7,
          "offset": 116,
        },
        "start": Object {
          "column": 1,
          "line": 4,
          "offset": 53,
        },
      },
      "type": "BackendStatement",
    },
    SubroutineStatement {
      "body": Array [
        SetStatement {
          "left": Member {
            "base": Member {
              "base": Identifier {
                "loc": Object {
                  "end": Object {
                    "column": 9,
                    "line": 10,
                    "offset": 142,
                  },
                  "start": Object {
                    "column": 7,
                    "line": 10,
                    "offset": 140,
                  },
                },
                "name": "req",
                "type": "Identifier",
              },
              "loc": Object {
                "end": Object {
                  "column": 14,
                  "line": 10,
                  "offset": 147,
                },
                "start": Object {
                  "column": 7,
                  "line": 10,
                  "offset": 140,
                },
              },
              "member": Identifier {
                "loc": Object {
                  "end": Object {
                    "column": 14,
                    "line": 10,
                    "offset": 147,
                  },
                  "start": Object {
                    "column": 11,
                    "line": 10,
                    "offset": 144,
                  },
                },
                "name": "http",
                "type": "Identifier",
              },
              "type": "Member",
            },
            "loc": Object {
              "end": Object {
                "column": 28,
                "line": 10,
                "offset": 161,
              },
              "start": Object {
                "column": 7,
                "line": 10,
                "offset": 140,
              },
            },
            "member": Identifier {
              "loc": Object {
                "end": Object {
                  "column": 28,
                  "line": 10,
                  "offset": 161,
                },
                "start": Object {
                  "column": 16,
                  "line": 10,
                  "offset": 149,
                },
              },
              "name": "Vaceline-Host",
              "type": "Identifier",
            },
            "type": "Member",
          },
          "loc": Object {
            "end": Object {
              "column": 4,
              "line": 14,
              "offset": 252,
            },
            "start": Object {
              "column": 3,
              "line": 10,
              "offset": 136,
            },
          },
          "operator": "=",
          "right": FunCallExpression {
            "arguments": Array [
              Member {
                "base": Member {
                  "base": Identifier {
                    "loc": Object {
                      "end": Object {
                        "column": 7,
                        "line": 11,
                        "offset": 175,
                      },
                      "start": Object {
                        "column": 5,
                        "line": 11,
                        "offset": 173,
                      },
                    },
                    "name": "req",
                    "type": "Identifier",
                  },
                  "loc": Object {
                    "end": Object {
                      "column": 12,
                      "line": 11,
                      "offset": 180,
                    },
                    "start": Object {
                      "column": 5,
                      "line": 11,
                      "offset": 173,
                    },
                  },
                  "member": Identifier {
                    "loc": Object {
                      "end": Object {
                        "column": 12,
                        "line": 11,
                        "offset": 180,
                      },
                      "start": Object {
                        "column": 9,
                        "line": 11,
                        "offset": 177,
                      },
                    },
                    "name": "http",
                    "type": "Identifier",
                  },
                  "type": "Member",
                },
                "loc": Object {
                  "end": Object {
                    "column": 29,
                    "line": 11,
                    "offset": 197,
                  },
                  "start": Object {
                    "column": 5,
                    "line": 11,
                    "offset": 173,
                  },
                },
                "member": Identifier {
                  "loc": Object {
                    "end": Object {
                      "column": 29,
                      "line": 11,
                      "offset": 197,
                    },
                    "start": Object {
                      "column": 14,
                      "line": 11,
                      "offset": 182,
                    },
                  },
                  "name": "X-Forwarded-Host",
                  "type": "Identifier",
                },
                "type": "Member",
              },
              Member {
                "base": Member {
                  "base": Identifier {
                    "loc": Object {
                      "end": Object {
                        "column": 7,
                        "line": 12,
                        "offset": 206,
                      },
                      "start": Object {
                        "column": 5,
                        "line": 12,
                        "offset": 204,
                      },
                    },
                    "name": "req",
                    "type": "Identifier",
                  },
                  "loc": Object {
                    "end": Object {
                      "column": 12,
                      "line": 12,
                      "offset": 211,
                    },
                    "start": Object {
                      "column": 5,
                      "line": 12,
                      "offset": 204,
                    },
                  },
                  "member": Identifier {
                    "loc": Object {
                      "end": Object {
                        "column": 12,
                        "line": 12,
                        "offset": 211,
                      },
                      "start": Object {
                        "column": 9,
                        "line": 12,
                        "offset": 208,
                      },
                    },
                    "name": "http",
                    "type": "Identifier",
                  },
                  "type": "Member",
                },
                "loc": Object {
                  "end": Object {
                    "column": 29,
                    "line": 12,
                    "offset": 228,
                  },
                  "start": Object {
                    "column": 5,
                    "line": 12,
                    "offset": 204,
                  },
                },
                "member": Identifier {
                  "loc": Object {
                    "end": Object {
                      "column": 29,
                      "line": 12,
                      "offset": 228,
                    },
                    "start": Object {
                      "column": 14,
                      "line": 12,
                      "offset": 213,
                    },
                  },
                  "name": "X-Forwarded-Host",
                  "type": "Identifier",
                },
                "type": "Member",
              },
              Member {
                "base": Member {
                  "base": Identifier {
                    "loc": Object {
                      "end": Object {
                        "column": 7,
                        "line": 13,
                        "offset": 237,
                      },
                      "start": Object {
                        "column": 5,
                        "line": 13,
                        "offset": 235,
                      },
                    },
                    "name": "req",
                    "type": "Identifier",
                  },
                  "loc": Object {
                    "end": Object {
                      "column": 12,
                      "line": 13,
                      "offset": 242,
                    },
                    "start": Object {
                      "column": 5,
                      "line": 13,
                      "offset": 235,
                    },
                  },
                  "member": Identifier {
                    "loc": Object {
                      "end": Object {
                        "column": 12,
                        "line": 13,
                        "offset": 242,
                      },
                      "start": Object {
                        "column": 9,
                        "line": 13,
                        "offset": 239,
                      },
                    },
                    "name": "http",
                    "type": "Identifier",
                  },
                  "type": "Member",
                },
                "loc": Object {
                  "end": Object {
                    "column": 17,
                    "line": 13,
                    "offset": 247,
                  },
                  "start": Object {
                    "column": 5,
                    "line": 13,
                    "offset": 235,
                  },
                },
                "member": Identifier {
                  "loc": Object {
                    "end": Object {
                      "column": 17,
                      "line": 13,
                      "offset": 247,
                    },
                    "start": Object {
                      "column": 14,
                      "line": 13,
                      "offset": 244,
                    },
                  },
                  "name": "Host",
                  "type": "Identifier",
                },
                "type": "Member",
              },
            ],
            "callee": Identifier {
              "loc": Object {
                "end": Object {
                  "column": 33,
                  "line": 10,
                  "offset": 166,
                },
                "start": Object {
                  "column": 32,
                  "line": 10,
                  "offset": 165,
                },
              },
              "name": "if",
              "type": "Identifier",
            },
            "loc": Object {
              "end": Object {
                "column": 3,
                "line": 14,
                "offset": 251,
              },
              "start": Object {
                "column": 32,
                "line": 10,
                "offset": 165,
              },
            },
            "type": "FunCallExpression",
          },
          "type": "SetStatement",
        },
        DeclareStatement {
          "id": Member {
            "base": Identifier {
              "loc": Object {
                "end": Object {
                  "column": 19,
                  "line": 17,
                  "offset": 293,
                },
                "start": Object {
                  "column": 17,
                  "line": 17,
                  "offset": 291,
                },
              },
              "name": "var",
              "type": "Identifier",
            },
            "loc": Object {
              "end": Object {
                "column": 33,
                "line": 17,
                "offset": 307,
              },
              "start": Object {
                "column": 17,
                "line": 17,
                "offset": 291,
              },
            },
            "member": Identifier {
              "loc": Object {
                "end": Object {
                  "column": 33,
                  "line": 17,
                  "offset": 307,
                },
                "start": Object {
                  "column": 21,
                  "line": 17,
                  "offset": 295,
                },
              },
              "name": "isSpecialUser",
              "type": "Identifier",
            },
            "type": "Member",
          },
          "loc": Object {
            "end": Object {
              "column": 39,
              "line": 17,
              "offset": 313,
            },
            "start": Object {
              "column": 3,
              "line": 17,
              "offset": 277,
            },
          },
          "type": "DeclareStatement",
          "valueType": "BOOL",
        },
        DeclareStatement {
          "id": Member {
            "base": Identifier {
              "loc": Object {
                "end": Object {
                  "column": 19,
                  "line": 18,
                  "offset": 333,
                },
                "start": Object {
                  "column": 17,
                  "line": 18,
                  "offset": 331,
                },
              },
              "name": "var",
              "type": "Identifier",
            },
            "loc": Object {
              "end": Object {
                "column": 31,
                "line": 18,
                "offset": 345,
              },
              "start": Object {
                "column": 17,
                "line": 18,
                "offset": 331,
              },
            },
            "member": Identifier {
              "loc": Object {
                "end": Object {
                  "column": 31,
                  "line": 18,
                  "offset": 345,
                },
                "start": Object {
                  "column": 21,
                  "line": 18,
                  "offset": 335,
                },
              },
              "name": "specialUser",
              "type": "Identifier",
            },
            "type": "Member",
          },
          "loc": Object {
            "end": Object {
              "column": 39,
              "line": 18,
              "offset": 353,
            },
            "start": Object {
              "column": 3,
              "line": 18,
              "offset": 317,
            },
          },
          "type": "DeclareStatement",
          "valueType": "STRING",
        },
        SetStatement {
          "left": Member {
            "base": Identifier {
              "loc": Object {
                "end": Object {
                  "column": 9,
                  "line": 20,
                  "offset": 364,
                },
                "start": Object {
                  "column": 7,
                  "line": 20,
                  "offset": 362,
                },
              },
              "name": "var",
              "type": "Identifier",
            },
            "loc": Object {
              "end": Object {
                "column": 23,
                "line": 20,
                "offset": 378,
              },
              "start": Object {
                "column": 7,
                "line": 20,
                "offset": 362,
              },
            },
            "member": Identifier {
              "loc": Object {
                "end": Object {
                  "column": 23,
                  "line": 20,
                  "offset": 378,
                },
                "start": Object {
                  "column": 11,
                  "line": 20,
                  "offset": 366,
                },
              },
              "name": "isSpecialUser",
              "type": "Identifier",
            },
            "type": "Member",
          },
          "loc": Object {
            "end": Object {
              "column": 4,
              "line": 23,
              "offset": 470,
            },
            "start": Object {
              "column": 3,
              "line": 20,
              "offset": 358,
            },
          },
          "operator": "=",
          "right": BooleanExpression {
            "body": LogicalExpression {
              "left": BinaryExpression {
                "left": Member {
                  "base": Member {
                    "base": Member {
                      "base": Identifier {
                        "loc": Object {
                          "end": Object {
                            "column": 7,
                            "line": 21,
                            "offset": 390,
                          },
                          "start": Object {
                            "column": 5,
                            "line": 21,
                            "offset": 388,
                          },
                        },
                        "name": "req",
                        "type": "Identifier",
                      },
                      "loc": Object {
                        "end": Object {
                          "column": 12,
                          "line": 21,
                          "offset": 395,
                        },
                        "start": Object {
                          "column": 5,
                          "line": 21,
                          "offset": 388,
                        },
                      },
                      "member": Identifier {
                        "loc": Object {
                          "end": Object {
                            "column": 12,
                            "line": 21,
                            "offset": 395,
                          },
                          "start": Object {
                            "column": 9,
                            "line": 21,
                            "offset": 392,
                          },
                        },
                        "name": "http",
                        "type": "Identifier",
                      },
                      "type": "Member",
                    },
                    "loc": Object {
                      "end": Object {
                        "column": 19,
                        "line": 21,
                        "offset": 402,
                      },
                      "start": Object {
                        "column": 5,
                        "line": 21,
                        "offset": 388,
                      },
                    },
                    "member": Identifier {
                      "loc": Object {
                        "end": Object {
                          "column": 19,
                          "line": 21,
                          "offset": 402,
                        },
                        "start": Object {
                          "column": 14,
                          "line": 21,
                          "offset": 397,
                        },
                      },
                      "name": "Cookie",
                      "type": "Identifier",
                    },
                    "type": "Member",
                  },
                  "loc": Object {
                    "end": Object {
                      "column": 28,
                      "line": 21,
                      "offset": 411,
                    },
                    "start": Object {
                      "column": 5,
                      "line": 21,
                      "offset": 388,
                    },
                  },
                  "member": Identifier {
                    "loc": Object {
                      "end": Object {
                        "column": 28,
                        "line": 21,
                        "offset": 411,
                      },
                      "start": Object {
                        "column": 21,
                        "line": 21,
                        "offset": 404,
                      },
                    },
                    "name": "Vaceline",
                    "type": "Identifier",
                  },
                  "type": "Member",
                },
                "loc": Object {
                  "end": Object {
                    "column": 44,
                    "line": 21,
                    "offset": 427,
                  },
                  "start": Object {
                    "column": 5,
                    "line": 21,
                    "offset": 388,
                  },
                },
                "operator": "~",
                "right": StringLiteral {
                  "loc": Object {
                    "end": Object {
                      "column": 44,
                      "line": 21,
                      "offset": 427,
                    },
                    "start": Object {
                      "column": 32,
                      "line": 21,
                      "offset": 415,
                    },
                  },
                  "type": "StringLiteral",
                  "value": "\\"SPECIAL_KEY\\"",
                },
                "type": "BinaryExpression",
              },
              "loc": Object {
                "end": Object {
                  "column": 34,
                  "line": 22,
                  "offset": 465,
                },
                "start": Object {
                  "column": 5,
                  "line": 21,
                  "offset": 388,
                },
              },
              "operator": "&&",
              "right": Member {
                "base": Member {
                  "base": Identifier {
                    "loc": Object {
                      "end": Object {
                        "column": 7,
                        "line": 22,
                        "offset": 438,
                      },
                      "start": Object {
                        "column": 5,
                        "line": 22,
                        "offset": 436,
                      },
                    },
                    "name": "req",
                    "type": "Identifier",
                  },
                  "loc": Object {
                    "end": Object {
                      "column": 12,
                      "line": 22,
                      "offset": 443,
                    },
                    "start": Object {
                      "column": 5,
                      "line": 22,
                      "offset": 436,
                    },
                  },
                  "member": Identifier {
                    "loc": Object {
                      "end": Object {
                        "column": 12,
                        "line": 22,
                        "offset": 443,
                      },
                      "start": Object {
                        "column": 9,
                        "line": 22,
                        "offset": 440,
                      },
                    },
                    "name": "http",
                    "type": "Identifier",
                  },
                  "type": "Member",
                },
                "loc": Object {
                  "end": Object {
                    "column": 34,
                    "line": 22,
                    "offset": 465,
                  },
                  "start": Object {
                    "column": 5,
                    "line": 22,
                    "offset": 436,
                  },
                },
                "member": Identifier {
                  "loc": Object {
                    "end": Object {
                      "column": 34,
                      "line": 22,
                      "offset": 465,
                    },
                    "start": Object {
                      "column": 14,
                      "line": 22,
                      "offset": 445,
                    },
                  },
                  "name": "Vaceline-Special-User",
                  "type": "Identifier",
                },
                "type": "Member",
              },
              "type": "LogicalExpression",
            },
            "loc": Object {
              "end": Object {
                "column": 3,
                "line": 23,
                "offset": 469,
              },
              "start": Object {
                "column": 27,
                "line": 20,
                "offset": 382,
              },
            },
            "type": "BooleanExpression",
          },
          "type": "SetStatement",
        },
        SetStatement {
          "left": Member {
            "base": Identifier {
              "loc": Object {
                "end": Object {
                  "column": 9,
                  "line": 25,
                  "offset": 481,
                },
                "start": Object {
                  "column": 7,
                  "line": 25,
                  "offset": 479,
                },
              },
              "name": "var",
              "type": "Identifier",
            },
            "loc": Object {
              "end": Object {
                "column": 21,
                "line": 25,
                "offset": 493,
              },
              "start": Object {
                "column": 7,
                "line": 25,
                "offset": 479,
              },
            },
            "member": Identifier {
              "loc": Object {
                "end": Object {
                  "column": 21,
                  "line": 25,
                  "offset": 493,
                },
                "start": Object {
                  "column": 11,
                  "line": 25,
                  "offset": 483,
                },
              },
              "name": "specialUser",
              "type": "Identifier",
            },
            "type": "Member",
          },
          "loc": Object {
            "end": Object {
              "column": 78,
              "line": 25,
              "offset": 550,
            },
            "start": Object {
              "column": 3,
              "line": 25,
              "offset": 475,
            },
          },
          "operator": "=",
          "right": FunCallExpression {
            "arguments": Array [
              Member {
                "base": Identifier {
                  "loc": Object {
                    "end": Object {
                      "column": 30,
                      "line": 25,
                      "offset": 502,
                    },
                    "start": Object {
                      "column": 28,
                      "line": 25,
                      "offset": 500,
                    },
                  },
                  "name": "var",
                  "type": "Identifier",
                },
                "loc": Object {
                  "end": Object {
                    "column": 44,
                    "line": 25,
                    "offset": 516,
                  },
                  "start": Object {
                    "column": 28,
                    "line": 25,
                    "offset": 500,
                  },
                },
                "member": Identifier {
                  "loc": Object {
                    "end": Object {
                      "column": 44,
                      "line": 25,
                      "offset": 516,
                    },
                    "start": Object {
                      "column": 32,
                      "line": 25,
                      "offset": 504,
                    },
                  },
                  "name": "isSpecialUser",
                  "type": "Identifier",
                },
                "type": "Member",
              },
              Member {
                "base": Member {
                  "base": Identifier {
                    "loc": Object {
                      "end": Object {
                        "column": 49,
                        "line": 25,
                        "offset": 521,
                      },
                      "start": Object {
                        "column": 47,
                        "line": 25,
                        "offset": 519,
                      },
                    },
                    "name": "req",
                    "type": "Identifier",
                  },
                  "loc": Object {
                    "end": Object {
                      "column": 54,
                      "line": 25,
                      "offset": 526,
                    },
                    "start": Object {
                      "column": 47,
                      "line": 25,
                      "offset": 519,
                    },
                  },
                  "member": Identifier {
                    "loc": Object {
                      "end": Object {
                        "column": 54,
                        "line": 25,
                        "offset": 526,
                      },
                      "start": Object {
                        "column": 51,
                        "line": 25,
                        "offset": 523,
                      },
                    },
                    "name": "http",
                    "type": "Identifier",
                  },
                  "type": "Member",
                },
                "loc": Object {
                  "end": Object {
                    "column": 76,
                    "line": 25,
                    "offset": 548,
                  },
                  "start": Object {
                    "column": 47,
                    "line": 25,
                    "offset": 519,
                  },
                },
                "member": Identifier {
                  "loc": Object {
                    "end": Object {
                      "column": 76,
                      "line": 25,
                      "offset": 548,
                    },
                    "start": Object {
                      "column": 56,
                      "line": 25,
                      "offset": 528,
                    },
                  },
                  "name": "Vaceline-Special-User",
                  "type": "Identifier",
                },
                "type": "Member",
              },
            ],
            "callee": Identifier {
              "loc": Object {
                "end": Object {
                  "column": 26,
                  "line": 25,
                  "offset": 498,
                },
                "start": Object {
                  "column": 25,
                  "line": 25,
                  "offset": 497,
                },
              },
              "name": "if",
              "type": "Identifier",
            },
            "loc": Object {
              "end": Object {
                "column": 77,
                "line": 25,
                "offset": 549,
              },
              "start": Object {
                "column": 25,
                "line": 25,
                "offset": 497,
              },
            },
            "type": "FunCallExpression",
          },
          "type": "SetStatement",
        },
        SetStatement {
          "left": Member {
            "base": Member {
              "base": Identifier {
                "loc": Object {
                  "end": Object {
                    "column": 9,
                    "line": 28,
                    "offset": 582,
                  },
                  "start": Object {
                    "column": 7,
                    "line": 28,
                    "offset": 580,
                  },
                },
                "name": "req",
                "type": "Identifier",
              },
              "loc": Object {
                "end": Object {
                  "column": 14,
                  "line": 28,
                  "offset": 587,
                },
                "start": Object {
                  "column": 7,
                  "line": 28,
                  "offset": 580,
                },
              },
              "member": Identifier {
                "loc": Object {
                  "end": Object {
                    "column": 14,
                    "line": 28,
                    "offset": 587,
                  },
                  "start": Object {
                    "column": 11,
                    "line": 28,
                    "offset": 584,
                  },
                },
                "name": "http",
                "type": "Identifier",
              },
              "type": "Member",
            },
            "loc": Object {
              "end": Object {
                "column": 33,
                "line": 28,
                "offset": 606,
              },
              "start": Object {
                "column": 7,
                "line": 28,
                "offset": 580,
              },
            },
            "member": Identifier {
              "loc": Object {
                "end": Object {
                  "column": 33,
                  "line": 28,
                  "offset": 606,
                },
                "start": Object {
                  "column": 16,
                  "line": 28,
                  "offset": 589,
                },
              },
              "name": "vacelIsSpecialUser",
              "type": "Identifier",
            },
            "type": "Member",
          },
          "loc": Object {
            "end": Object {
              "column": 75,
              "line": 28,
              "offset": 648,
            },
            "start": Object {
              "column": 3,
              "line": 28,
              "offset": 576,
            },
          },
          "operator": "=",
          "right": FunCallExpression {
            "arguments": Array [
              Member {
                "base": Identifier {
                  "loc": Object {
                    "end": Object {
                      "column": 42,
                      "line": 28,
                      "offset": 615,
                    },
                    "start": Object {
                      "column": 40,
                      "line": 28,
                      "offset": 613,
                    },
                  },
                  "name": "var",
                  "type": "Identifier",
                },
                "loc": Object {
                  "end": Object {
                    "column": 56,
                    "line": 28,
                    "offset": 629,
                  },
                  "start": Object {
                    "column": 40,
                    "line": 28,
                    "offset": 613,
                  },
                },
                "member": Identifier {
                  "loc": Object {
                    "end": Object {
                      "column": 56,
                      "line": 28,
                      "offset": 629,
                    },
                    "start": Object {
                      "column": 44,
                      "line": 28,
                      "offset": 617,
                    },
                  },
                  "name": "isSpecialUser",
                  "type": "Identifier",
                },
                "type": "Member",
              },
              StringLiteral {
                "loc": Object {
                  "end": Object {
                    "column": 64,
                    "line": 28,
                    "offset": 637,
                  },
                  "start": Object {
                    "column": 59,
                    "line": 28,
                    "offset": 632,
                  },
                },
                "type": "StringLiteral",
                "value": "\\"true\\"",
              },
              StringLiteral {
                "loc": Object {
                  "end": Object {
                    "column": 73,
                    "line": 28,
                    "offset": 646,
                  },
                  "start": Object {
                    "column": 67,
                    "line": 28,
                    "offset": 640,
                  },
                },
                "type": "StringLiteral",
                "value": "\\"false\\"",
              },
            ],
            "callee": Identifier {
              "loc": Object {
                "end": Object {
                  "column": 38,
                  "line": 28,
                  "offset": 611,
                },
                "start": Object {
                  "column": 37,
                  "line": 28,
                  "offset": 610,
                },
              },
              "name": "if",
              "type": "Identifier",
            },
            "loc": Object {
              "end": Object {
                "column": 74,
                "line": 28,
                "offset": 647,
              },
              "start": Object {
                "column": 37,
                "line": 28,
                "offset": 610,
              },
            },
            "type": "FunCallExpression",
          },
          "type": "SetStatement",
        },
        SetStatement {
          "left": Member {
            "base": Member {
              "base": Identifier {
                "loc": Object {
                  "end": Object {
                    "column": 9,
                    "line": 31,
                    "offset": 675,
                  },
                  "start": Object {
                    "column": 7,
                    "line": 31,
                    "offset": 673,
                  },
                },
                "name": "req",
                "type": "Identifier",
              },
              "loc": Object {
                "end": Object {
                  "column": 14,
                  "line": 31,
                  "offset": 680,
                },
                "start": Object {
                  "column": 7,
                  "line": 31,
                  "offset": 673,
                },
              },
              "member": Identifier {
                "loc": Object {
                  "end": Object {
                    "column": 14,
                    "line": 31,
                    "offset": 680,
                  },
                  "start": Object {
                    "column": 11,
                    "line": 31,
                    "offset": 677,
                  },
                },
                "name": "http",
                "type": "Identifier",
              },
              "type": "Member",
            },
            "loc": Object {
              "end": Object {
                "column": 36,
                "line": 31,
                "offset": 702,
              },
              "start": Object {
                "column": 7,
                "line": 31,
                "offset": 673,
              },
            },
            "member": Identifier {
              "loc": Object {
                "end": Object {
                  "column": 36,
                  "line": 31,
                  "offset": 702,
                },
                "start": Object {
                  "column": 16,
                  "line": 31,
                  "offset": 682,
                },
              },
              "name": "Vaceline-Special-User",
              "type": "Identifier",
            },
            "type": "Member",
          },
          "loc": Object {
            "end": Object {
              "column": 55,
              "line": 31,
              "offset": 721,
            },
            "start": Object {
              "column": 3,
              "line": 31,
              "offset": 669,
            },
          },
          "operator": "=",
          "right": Member {
            "base": Identifier {
              "loc": Object {
                "end": Object {
                  "column": 42,
                  "line": 31,
                  "offset": 708,
                },
                "start": Object {
                  "column": 40,
                  "line": 31,
                  "offset": 706,
                },
              },
              "name": "var",
              "type": "Identifier",
            },
            "loc": Object {
              "end": Object {
                "column": 54,
                "line": 31,
                "offset": 720,
              },
              "start": Object {
                "column": 40,
                "line": 31,
                "offset": 706,
              },
            },
            "member": Identifier {
              "loc": Object {
                "end": Object {
                  "column": 54,
                  "line": 31,
                  "offset": 720,
                },
                "start": Object {
                  "column": 44,
                  "line": 31,
                  "offset": 710,
                },
              },
              "name": "specialUser",
              "type": "Identifier",
            },
            "type": "Member",
          },
          "type": "SetStatement",
        },
      ],
      "id": Identifier {
        "loc": Object {
          "end": Object {
            "column": 12,
            "line": 9,
            "offset": 130,
          },
          "start": Object {
            "column": 5,
            "line": 9,
            "offset": 123,
          },
        },
        "name": "vcl_recv",
        "type": "Identifier",
      },
      "loc": Object {
        "end": Object {
          "column": 1,
          "line": 32,
          "offset": 723,
        },
        "start": Object {
          "column": 1,
          "line": 9,
          "offset": 119,
        },
      },
      "type": "SubroutineStatement",
    },
    SubroutineStatement {
      "body": Array [
        CallStatement {
          "loc": Object {
            "end": Object {
              "column": 37,
              "line": 35,
              "offset": 777,
            },
            "start": Object {
              "column": 3,
              "line": 35,
              "offset": 743,
            },
          },
          "subroutine": Identifier {
            "loc": Object {
              "end": Object {
                "column": 36,
                "line": 35,
                "offset": 776,
              },
              "start": Object {
                "column": 8,
                "line": 35,
                "offset": 748,
              },
            },
            "name": "remove_unused_vars_from_bereq",
            "type": "Identifier",
          },
          "type": "CallStatement",
        },
      ],
      "id": Identifier {
        "loc": Object {
          "end": Object {
            "column": 12,
            "line": 34,
            "offset": 737,
          },
          "start": Object {
            "column": 5,
            "line": 34,
            "offset": 730,
          },
        },
        "name": "vcl_pass",
        "type": "Identifier",
      },
      "loc": Object {
        "end": Object {
          "column": 1,
          "line": 36,
          "offset": 779,
        },
        "start": Object {
          "column": 1,
          "line": 34,
          "offset": 726,
        },
      },
      "type": "SubroutineStatement",
    },
    SubroutineStatement {
      "body": Array [
        CallStatement {
          "loc": Object {
            "end": Object {
              "column": 37,
              "line": 39,
              "offset": 833,
            },
            "start": Object {
              "column": 3,
              "line": 39,
              "offset": 799,
            },
          },
          "subroutine": Identifier {
            "loc": Object {
              "end": Object {
                "column": 36,
                "line": 39,
                "offset": 832,
              },
              "start": Object {
                "column": 8,
                "line": 39,
                "offset": 804,
              },
            },
            "name": "remove_unused_vars_from_bereq",
            "type": "Identifier",
          },
          "type": "CallStatement",
        },
      ],
      "id": Identifier {
        "loc": Object {
          "end": Object {
            "column": 12,
            "line": 38,
            "offset": 793,
          },
          "start": Object {
            "column": 5,
            "line": 38,
            "offset": 786,
          },
        },
        "name": "vcl_miss",
        "type": "Identifier",
      },
      "loc": Object {
        "end": Object {
          "column": 1,
          "line": 40,
          "offset": 835,
        },
        "start": Object {
          "column": 1,
          "line": 38,
          "offset": 782,
        },
      },
      "type": "SubroutineStatement",
    },
    SubroutineStatement {
      "body": Array [
        UnsetStatement {
          "id": Member {
            "base": Member {
              "base": Identifier {
                "loc": Object {
                  "end": Object {
                    "column": 13,
                    "line": 43,
                    "offset": 886,
                  },
                  "start": Object {
                    "column": 9,
                    "line": 43,
                    "offset": 882,
                  },
                },
                "name": "bereq",
                "type": "Identifier",
              },
              "loc": Object {
                "end": Object {
                  "column": 18,
                  "line": 43,
                  "offset": 891,
                },
                "start": Object {
                  "column": 9,
                  "line": 43,
                  "offset": 882,
                },
              },
              "member": Identifier {
                "loc": Object {
                  "end": Object {
                    "column": 18,
                    "line": 43,
                    "offset": 891,
                  },
                  "start": Object {
                    "column": 15,
                    "line": 43,
                    "offset": 888,
                  },
                },
                "name": "http",
                "type": "Identifier",
              },
              "type": "Member",
            },
            "loc": Object {
              "end": Object {
                "column": 37,
                "line": 43,
                "offset": 910,
              },
              "start": Object {
                "column": 9,
                "line": 43,
                "offset": 882,
              },
            },
            "member": Identifier {
              "loc": Object {
                "end": Object {
                  "column": 37,
                  "line": 43,
                  "offset": 910,
                },
                "start": Object {
                  "column": 20,
                  "line": 43,
                  "offset": 893,
                },
              },
              "name": "vacelIsSpecialUser",
              "type": "Identifier",
            },
            "type": "Member",
          },
          "loc": Object {
            "end": Object {
              "column": 38,
              "line": 43,
              "offset": 911,
            },
            "start": Object {
              "column": 3,
              "line": 43,
              "offset": 876,
            },
          },
          "type": "UnsetStatement",
        },
      ],
      "id": Identifier {
        "loc": Object {
          "end": Object {
            "column": 33,
            "line": 42,
            "offset": 870,
          },
          "start": Object {
            "column": 5,
            "line": 42,
            "offset": 842,
          },
        },
        "name": "remove_unused_vars_from_bereq",
        "type": "Identifier",
      },
      "loc": Object {
        "end": Object {
          "column": 1,
          "line": 44,
          "offset": 913,
        },
        "start": Object {
          "column": 1,
          "line": 42,
          "offset": 838,
        },
      },
      "type": "SubroutineStatement",
    },
    SubroutineStatement {
      "body": Array [
        IfStatement {
          "alternative": undefined,
          "consequent": Array [
            SetStatement {
              "left": Member {
                "base": Identifier {
                  "loc": Object {
                    "end": Object {
                      "column": 14,
                      "line": 48,
                      "offset": 992,
                    },
                    "start": Object {
                      "column": 9,
                      "line": 48,
                      "offset": 987,
                    },
                  },
                  "name": "beresp",
                  "type": "Identifier",
                },
                "loc": Object {
                  "end": Object {
                    "column": 18,
                    "line": 48,
                    "offset": 996,
                  },
                  "start": Object {
                    "column": 9,
                    "line": 48,
                    "offset": 987,
                  },
                },
                "member": Identifier {
                  "loc": Object {
                    "end": Object {
                      "column": 18,
                      "line": 48,
                      "offset": 996,
                    },
                    "start": Object {
                      "column": 16,
                      "line": 48,
                      "offset": 994,
                    },
                  },
                  "name": "ttl",
                  "type": "Identifier",
                },
                "type": "Member",
              },
              "loc": Object {
                "end": Object {
                  "column": 24,
                  "line": 48,
                  "offset": 1002,
                },
                "start": Object {
                  "column": 5,
                  "line": 48,
                  "offset": 983,
                },
              },
              "operator": "=",
              "right": DurationLiteral {
                "loc": Object {
                  "end": Object {
                    "column": 23,
                    "line": 48,
                    "offset": 1001,
                  },
                  "start": Object {
                    "column": 22,
                    "line": 48,
                    "offset": 1000,
                  },
                },
                "type": "DurationLiteral",
                "value": "0s",
              },
              "type": "SetStatement",
            },
          ],
          "loc": Object {
            "end": Object {
              "column": 3,
              "line": 49,
              "offset": 1006,
            },
            "start": Object {
              "column": 3,
              "line": 47,
              "offset": 934,
            },
          },
          "test": BinaryExpression {
            "left": Member {
              "base": Member {
                "base": Identifier {
                  "loc": Object {
                    "end": Object {
                      "column": 9,
                      "line": 47,
                      "offset": 940,
                    },
                    "start": Object {
                      "column": 7,
                      "line": 47,
                      "offset": 938,
                    },
                  },
                  "name": "req",
                  "type": "Identifier",
                },
                "loc": Object {
                  "end": Object {
                    "column": 14,
                    "line": 47,
                    "offset": 945,
                  },
                  "start": Object {
                    "column": 7,
                    "line": 47,
                    "offset": 938,
                  },
                },
                "member": Identifier {
                  "loc": Object {
                    "end": Object {
                      "column": 14,
                      "line": 47,
                      "offset": 945,
                    },
                    "start": Object {
                      "column": 11,
                      "line": 47,
                      "offset": 942,
                    },
                  },
                  "name": "http",
                  "type": "Identifier",
                },
                "type": "Member",
              },
              "loc": Object {
                "end": Object {
                  "column": 33,
                  "line": 47,
                  "offset": 964,
                },
                "start": Object {
                  "column": 7,
                  "line": 47,
                  "offset": 938,
                },
              },
              "member": Identifier {
                "loc": Object {
                  "end": Object {
                    "column": 33,
                    "line": 47,
                    "offset": 964,
                  },
                  "start": Object {
                    "column": 16,
                    "line": 47,
                    "offset": 947,
                  },
                },
                "name": "vacelIsSpecialUser",
                "type": "Identifier",
              },
              "type": "Member",
            },
            "loc": Object {
              "end": Object {
                "column": 43,
                "line": 47,
                "offset": 974,
              },
              "start": Object {
                "column": 7,
                "line": 47,
                "offset": 938,
              },
            },
            "operator": "==",
            "right": StringLiteral {
              "loc": Object {
                "end": Object {
                  "column": 43,
                  "line": 47,
                  "offset": 974,
                },
                "start": Object {
                  "column": 38,
                  "line": 47,
                  "offset": 969,
                },
              },
              "type": "StringLiteral",
              "value": "\\"true\\"",
            },
            "type": "BinaryExpression",
          },
          "type": "IfStatement",
        },
      ],
      "id": Identifier {
        "loc": Object {
          "end": Object {
            "column": 13,
            "line": 46,
            "offset": 928,
          },
          "start": Object {
            "column": 5,
            "line": 46,
            "offset": 920,
          },
        },
        "name": "vcl_fetch",
        "type": "Identifier",
      },
      "loc": Object {
        "end": Object {
          "column": 1,
          "line": 50,
          "offset": 1008,
        },
        "start": Object {
          "column": 1,
          "line": 46,
          "offset": 916,
        },
      },
      "type": "SubroutineStatement",
    },
  ],
  "loc": Object {
    "end": Object {
      "column": 3,
      "line": 56,
      "offset": 1056,
    },
    "start": Object {
      "column": 1,
      "line": 1,
      "offset": 0,
    },
  },
  "type": "Program",
}
`;
