// Jest Snapshot v1, https://goo.gl/fbAQLP

exports[`(Program) comment: comment 1`] = `
Node {
  "body": Array [
    Node {
      "left": Node {
        "base": Node {
          "loc": Object {
            "end": Object {
              "column": 7,
              "line": 2,
              "offset": 12,
            },
            "start": Object {
              "column": 5,
              "line": 2,
              "offset": 10,
            },
          },
          "name": "var",
          "type": "Identifier",
        },
        "loc": Object {
          "end": Object {
            "column": 21,
            "line": 2,
            "offset": 26,
          },
          "start": Object {
            "column": 5,
            "line": 2,
            "offset": 10,
          },
        },
        "member": Node {
          "loc": Object {
            "end": Object {
              "column": 21,
              "line": 2,
              "offset": 26,
            },
            "start": Object {
              "column": 9,
              "line": 2,
              "offset": 14,
            },
          },
          "name": "vacelineDebug",
          "type": "Identifier",
        },
        "type": "Member",
      },
      "loc": Object {
        "end": Object {
          "column": 28,
          "line": 2,
          "offset": 33,
        },
        "start": Object {
          "column": 1,
          "line": 2,
          "offset": 6,
        },
      },
      "operator": "=",
      "right": Node {
        "loc": Object {
          "end": Object {
            "column": 27,
            "line": 2,
            "offset": 32,
          },
          "start": Object {
            "column": 25,
            "line": 2,
            "offset": 30,
          },
        },
        "type": "StringLiteral",
        "value": "\\"1\\"",
      },
      "type": "SetStatement",
    },
    Node {
      "left": Node {
        "base": Node {
          "loc": Object {
            "end": Object {
              "column": 7,
              "line": 4,
              "offset": 47,
            },
            "start": Object {
              "column": 5,
              "line": 4,
              "offset": 45,
            },
          },
          "name": "var",
          "type": "Identifier",
        },
        "loc": Object {
          "end": Object {
            "column": 21,
            "line": 4,
            "offset": 61,
          },
          "start": Object {
            "column": 5,
            "line": 4,
            "offset": 45,
          },
        },
        "member": Node {
          "loc": Object {
            "end": Object {
              "column": 21,
              "line": 4,
              "offset": 61,
            },
            "start": Object {
              "column": 9,
              "line": 4,
              "offset": 49,
            },
          },
          "name": "vacelineDebug",
          "type": "Identifier",
        },
        "type": "Member",
      },
      "loc": Object {
        "end": Object {
          "column": 28,
          "line": 4,
          "offset": 68,
        },
        "start": Object {
          "column": 1,
          "line": 4,
          "offset": 41,
        },
      },
      "operator": "=",
      "right": Node {
        "loc": Object {
          "end": Object {
            "column": 27,
            "line": 4,
            "offset": 67,
          },
          "start": Object {
            "column": 25,
            "line": 4,
            "offset": 65,
          },
        },
        "type": "StringLiteral",
        "value": "\\"2\\"",
      },
      "type": "SetStatement",
    },
  ],
  "loc": Object {
    "end": Object {
      "column": 28,
      "line": 4,
      "offset": 68,
    },
    "start": Object {
      "column": 1,
      "line": 1,
      "offset": 0,
    },
  },
  "type": "Program",
}
`;
